// Jest Snapshot v1, https://goo.gl/fbAQLP

exports[`added diff 1`] = `
"| Asset                  | Size      |
| ---------------------- | --------- |
| \`Workflow-Builder.js\`  | \`6.58 kB\` |
| \`Workflow-Builder.css\` | \`4.33 kB\` |"
`;

exports[`bigger diff 1`] = `
"| Asset             | Base size | Head size | Delta     | Delta %  |
| ----------------- | --------- | --------- | --------- | -------- |
| \`manage-flag.js\`  | \`4.51 kB\` | \`7.88 kB\` | \`3.37 kB\` | \`74.7%\`  |
| \`manage-flag.css\` | \`991 B\`   | \`1.2 kB\`  | \`211 B\`   | \`21.29%\` |"
`;

exports[`raw diff 1`] = `
Object {
  "added": Array [
    Object {
      "baseSize": 0,
      "delta": 6577,
      "headSize": 6577,
      "name": "Workflow-Builder.js",
      "ratio": 1,
    },
    Object {
      "baseSize": 0,
      "delta": 4331,
      "headSize": 4331,
      "name": "Workflow-Builder.css",
      "ratio": 1,
    },
  ],
  "bigger": Array [
    Object {
      "baseSize": 4513,
      "delta": 3371,
      "headSize": 7884,
      "name": "manage-flag.js",
      "ratio": 0.7469532461777089,
    },
    Object {
      "baseSize": 991,
      "delta": 211,
      "headSize": 1202,
      "name": "manage-flag.css",
      "ratio": 0.21291624621594352,
    },
  ],
  "removed": Array [
    Object {
      "baseSize": 3442,
      "delta": 3442,
      "headSize": 0,
      "name": "legacy-modal.css",
      "ratio": -1,
    },
    Object {
      "baseSize": 1123,
      "delta": 1123,
      "headSize": 0,
      "name": "legacy-modal.js",
      "ratio": -1,
    },
  ],
  "smaller": Array [
    Object {
      "baseSize": 94431,
      "delta": -19297,
      "headSize": 75134,
      "name": "app.js",
      "ratio": -0.2043502663320308,
    },
  ],
  "unchanged": Array [
    Object {
      "baseSize": 321,
      "delta": 0,
      "headSize": 321,
      "name": "app.css",
      "ratio": 0,
    },
    Object {
      "baseSize": 677,
      "delta": 0,
      "headSize": 677,
      "name": "vendor.js",
      "ratio": 0,
    },
  ],
}
`;

exports[`removed diff 1`] = `
"| Asset              | Size      |
| ------------------ | --------- |
| \`legacy-modal.css\` | \`3.44 kB\` |
| \`legacy-modal.js\`  | \`1.12 kB\` |"
`;

exports[`smaller diff 1`] = `
"| Asset    | Base size | Head size | Delta      | Delta %   |
| -------- | --------- | --------- | ---------- | --------- |
| \`app.js\` | \`94.4 kB\` | \`75.1 kB\` | \`-19.3 kB\` | \`-20.44%\` |"
`;

exports[`unchanged diff 1`] = `
"| Asset     | Size  |
| --------- | ----- |
| app.css   | 321 B |
| vendor.js | 677 B |"
`;
